<?xml version="1.0" encoding="UTF-8" ?>
<testsuites name="vitest tests" tests="164" failures="1" errors="0" time="15.966267605">
    <testsuite name="projects/sakai-ui/src/lib/sakai-ui.spec.ts" timestamp="2026-03-24T05:04:21.819Z" hostname="ubuntu" tests="1" failures="0" errors="0" skipped="0" time="0.01533646">
        <testcase classname="projects/sakai-ui/src/lib/sakai-ui.spec.ts" name="SakaiUi &gt; should create" time="0.01516968">
        </testcase>
    </testsuite>
    <testsuite name="projects/sakai-ui/src/lib/layout/store/layout.store.spec.ts" timestamp="2026-03-24T05:04:21.820Z" hostname="ubuntu" tests="41" failures="0" errors="0" skipped="0" time="0.406717959">
        <testcase classname="projects/sakai-ui/src/lib/layout/store/layout.store.spec.ts" name="LayoutStore &gt; initial state &gt; should have default preset &quot;Aura&quot;" time="0.144662304">
        </testcase>
        <testcase classname="projects/sakai-ui/src/lib/layout/store/layout.store.spec.ts" name="LayoutStore &gt; initial state &gt; should have default primary &quot;emerald&quot;" time="0.005446946">
        </testcase>
        <testcase classname="projects/sakai-ui/src/lib/layout/store/layout.store.spec.ts" name="LayoutStore &gt; initial state &gt; should have default surface null" time="0.004325724">
        </testcase>
        <testcase classname="projects/sakai-ui/src/lib/layout/store/layout.store.spec.ts" name="LayoutStore &gt; initial state &gt; should have darkTheme false" time="0.004275508">
        </testcase>
        <testcase classname="projects/sakai-ui/src/lib/layout/store/layout.store.spec.ts" name="LayoutStore &gt; initial state &gt; should have menuMode &quot;static&quot;" time="0.004203083">
        </testcase>
        <testcase classname="projects/sakai-ui/src/lib/layout/store/layout.store.spec.ts" name="LayoutStore &gt; initial state &gt; should have staticMenuDesktopInactive false" time="0.004694482">
        </testcase>
        <testcase classname="projects/sakai-ui/src/lib/layout/store/layout.store.spec.ts" name="LayoutStore &gt; initial state &gt; should have overlayMenuActive false" time="0.004670946">
        </testcase>
        <testcase classname="projects/sakai-ui/src/lib/layout/store/layout.store.spec.ts" name="LayoutStore &gt; initial state &gt; should have configSidebarVisible false" time="0.005741465">
        </testcase>
        <testcase classname="projects/sakai-ui/src/lib/layout/store/layout.store.spec.ts" name="LayoutStore &gt; initial state &gt; should have mobileMenuActive false" time="0.004260143">
        </testcase>
        <testcase classname="projects/sakai-ui/src/lib/layout/store/layout.store.spec.ts" name="LayoutStore &gt; initial state &gt; should have menuHoverActive false" time="0.006110713">
        </testcase>
        <testcase classname="projects/sakai-ui/src/lib/layout/store/layout.store.spec.ts" name="LayoutStore &gt; initial state &gt; should have activePath null" time="0.0124996">
        </testcase>
        <testcase classname="projects/sakai-ui/src/lib/layout/store/layout.store.spec.ts" name="LayoutStore &gt; computed signals &gt; isDarkTheme should reflect darkTheme" time="0.013234813">
        </testcase>
        <testcase classname="projects/sakai-ui/src/lib/layout/store/layout.store.spec.ts" name="LayoutStore &gt; computed signals &gt; isOverlay should be true when menuMode is overlay" time="0.004027574">
        </testcase>
        <testcase classname="projects/sakai-ui/src/lib/layout/store/layout.store.spec.ts" name="LayoutStore &gt; computed signals &gt; isStatic should be true when menuMode is static" time="0.004421265">
        </testcase>
        <testcase classname="projects/sakai-ui/src/lib/layout/store/layout.store.spec.ts" name="LayoutStore &gt; computed signals &gt; isSidebarActive should be true when overlayMenuActive is true" time="0.006350825">
        </testcase>
        <testcase classname="projects/sakai-ui/src/lib/layout/store/layout.store.spec.ts" name="LayoutStore &gt; computed signals &gt; isSidebarActive should be true when mobileMenuActive is true" time="0.003935594">
        </testcase>
        <testcase classname="projects/sakai-ui/src/lib/layout/store/layout.store.spec.ts" name="LayoutStore &gt; computed signals &gt; isSidebarActive should be false when all menu flags are false" time="0.003931542">
        </testcase>
        <testcase classname="projects/sakai-ui/src/lib/layout/store/layout.store.spec.ts" name="LayoutStore &gt; toggleDarkMode() &gt; should toggle darkTheme from false to true" time="0.003848991">
        </testcase>
        <testcase classname="projects/sakai-ui/src/lib/layout/store/layout.store.spec.ts" name="LayoutStore &gt; toggleDarkMode() &gt; should toggle darkTheme from true to false" time="0.004132195">
        </testcase>
        <testcase classname="projects/sakai-ui/src/lib/layout/store/layout.store.spec.ts" name="LayoutStore &gt; setMenuMode() &gt; should set menuMode to overlay" time="0.004933198">
        </testcase>
        <testcase classname="projects/sakai-ui/src/lib/layout/store/layout.store.spec.ts" name="LayoutStore &gt; setMenuMode() &gt; should set menuMode to static" time="0.006154781">
        </testcase>
        <testcase classname="projects/sakai-ui/src/lib/layout/store/layout.store.spec.ts" name="LayoutStore &gt; showConfigSidebar() / hideConfigSidebar() &gt; should show config sidebar" time="0.00739634">
        </testcase>
        <testcase classname="projects/sakai-ui/src/lib/layout/store/layout.store.spec.ts" name="LayoutStore &gt; showConfigSidebar() / hideConfigSidebar() &gt; should hide config sidebar" time="0.004644128">
        </testcase>
        <testcase classname="projects/sakai-ui/src/lib/layout/store/layout.store.spec.ts" name="LayoutStore &gt; closeMobileMenu() &gt; should set overlayMenuActive, mobileMenuActive, and menuHoverActive to false" time="0.004282632">
        </testcase>
        <testcase classname="projects/sakai-ui/src/lib/layout/store/layout.store.spec.ts" name="LayoutStore &gt; setActivePath() &gt; should update activePath" time="0.006107919">
        </testcase>
        <testcase classname="projects/sakai-ui/src/lib/layout/store/layout.store.spec.ts" name="LayoutStore &gt; setActivePath() &gt; should set activePath to null" time="0.00871179">
        </testcase>
        <testcase classname="projects/sakai-ui/src/lib/layout/store/layout.store.spec.ts" name="LayoutStore &gt; setMenuHoverActive() &gt; should set menuHoverActive to true" time="0.004693994">
        </testcase>
        <testcase classname="projects/sakai-ui/src/lib/layout/store/layout.store.spec.ts" name="LayoutStore &gt; setMenuHoverActive() &gt; should set menuHoverActive to false" time="0.009637458">
        </testcase>
        <testcase classname="projects/sakai-ui/src/lib/layout/store/layout.store.spec.ts" name="LayoutStore &gt; updateConfig() &gt; should apply partial config update" time="0.013562506">
        </testcase>
        <testcase classname="projects/sakai-ui/src/lib/layout/store/layout.store.spec.ts" name="LayoutStore &gt; setPreset() / setPrimary() / setSurface() &gt; should set preset" time="0.006079703">
        </testcase>
        <testcase classname="projects/sakai-ui/src/lib/layout/store/layout.store.spec.ts" name="LayoutStore &gt; setPreset() / setPrimary() / setSurface() &gt; should set primary" time="0.006384837">
        </testcase>
        <testcase classname="projects/sakai-ui/src/lib/layout/store/layout.store.spec.ts" name="LayoutStore &gt; setPreset() / setPrimary() / setSurface() &gt; should set surface to a value" time="0.006468506">
        </testcase>
        <testcase classname="projects/sakai-ui/src/lib/layout/store/layout.store.spec.ts" name="LayoutStore &gt; setPreset() / setPrimary() / setSurface() &gt; should set surface to null" time="0.005970612">
        </testcase>
        <testcase classname="projects/sakai-ui/src/lib/layout/store/layout.store.spec.ts" name="LayoutStore &gt; reset() &gt; should restore initial state after mutations" time="0.007695956">
        </testcase>
        <testcase classname="projects/sakai-ui/src/lib/layout/store/layout.store.spec.ts" name="LayoutStore &gt; onMenuToggle() &gt; should toggle overlayMenuActive in overlay mode" time="0.005029648">
        </testcase>
        <testcase classname="projects/sakai-ui/src/lib/layout/store/layout.store.spec.ts" name="LayoutStore &gt; onMenuToggle() &gt; should toggle staticMenuDesktopInactive in static mode on desktop" time="0.004353241">
        </testcase>
        <testcase classname="projects/sakai-ui/src/lib/layout/store/layout.store.spec.ts" name="LayoutStore &gt; onMenuToggle() &gt; should toggle mobileMenuActive in static mode on mobile" time="0.004089173">
        </testcase>
        <testcase classname="projects/sakai-ui/src/lib/layout/store/layout.store.spec.ts" name="LayoutStore &gt; dark mode effect &gt; should add app-dark class when darkTheme becomes true" time="0.020080739">
        </testcase>
        <testcase classname="projects/sakai-ui/src/lib/layout/store/layout.store.spec.ts" name="LayoutStore &gt; dark mode effect &gt; should remove app-dark class when darkTheme becomes false" time="0.011386199">
        </testcase>
        <testcase classname="projects/sakai-ui/src/lib/layout/store/layout.store.spec.ts" name="LayoutStore &gt; isDesktop() &gt; should return true when innerWidth &gt; 991" time="0.004404155">
        </testcase>
        <testcase classname="projects/sakai-ui/src/lib/layout/store/layout.store.spec.ts" name="LayoutStore &gt; isDesktop() &gt; should return false when innerWidth &lt;= 991" time="0.00432272">
        </testcase>
    </testsuite>
    <testsuite name="projects/sakai-ui/src/lib/pages/empty/empty.spec.ts" timestamp="2026-03-24T05:04:21.826Z" hostname="ubuntu" tests="5" failures="0" errors="0" skipped="0" time="0.076402658">
        <testcase classname="projects/sakai-ui/src/lib/pages/empty/empty.spec.ts" name="GvEmpty &gt; should create" time="0.025536275">
        </testcase>
        <testcase classname="projects/sakai-ui/src/lib/pages/empty/empty.spec.ts" name="GvEmpty &gt; should have default title &quot;Empty Page&quot;" time="0.018115282">
        </testcase>
        <testcase classname="projects/sakai-ui/src/lib/pages/empty/empty.spec.ts" name="GvEmpty &gt; should have default description" time="0.013198636">
        </testcase>
        <testcase classname="projects/sakai-ui/src/lib/pages/empty/empty.spec.ts" name="GvEmpty &gt; should reflect custom title input" time="0.00832592">
        </testcase>
        <testcase classname="projects/sakai-ui/src/lib/pages/empty/empty.spec.ts" name="GvEmpty &gt; should reflect custom description input" time="0.010914426">
        </testcase>
    </testsuite>
    <testsuite name="projects/sakai-ui/src/lib/pages/landing/landing.spec.ts" timestamp="2026-03-24T05:04:21.826Z" hostname="ubuntu" tests="1" failures="0" errors="0" skipped="0" time="0.855158038">
        <testcase classname="projects/sakai-ui/src/lib/pages/landing/landing.spec.ts" name="GvLanding &gt; should create" time="0.852642865">
        </testcase>
    </testsuite>
    <testsuite name="projects/sakai-ui/src/lib/pages/notfound/notfound.spec.ts" timestamp="2026-03-24T05:04:21.827Z" hostname="ubuntu" tests="9" failures="0" errors="0" skipped="0" time="1.35662368">
        <testcase classname="projects/sakai-ui/src/lib/pages/notfound/notfound.spec.ts" name="GvNotfound &gt; should create" time="0.549844779">
        </testcase>
        <testcase classname="projects/sakai-ui/src/lib/pages/notfound/notfound.spec.ts" name="GvNotfound &gt; should have default errorCode &quot;404&quot;" time="0.133002128">
        </testcase>
        <testcase classname="projects/sakai-ui/src/lib/pages/notfound/notfound.spec.ts" name="GvNotfound &gt; should have default title &quot;Not Found&quot;" time="0.140118267">
        </testcase>
        <testcase classname="projects/sakai-ui/src/lib/pages/notfound/notfound.spec.ts" name="GvNotfound &gt; should have default message" time="0.113613579">
        </testcase>
        <testcase classname="projects/sakai-ui/src/lib/pages/notfound/notfound.spec.ts" name="GvNotfound &gt; should have default buttonLabel &quot;Go to Dashboard&quot;" time="0.113307817">
        </testcase>
        <testcase classname="projects/sakai-ui/src/lib/pages/notfound/notfound.spec.ts" name="GvNotfound &gt; should have default buttonRoute &quot;/&quot;" time="0.098358765">
        </testcase>
        <testcase classname="projects/sakai-ui/src/lib/pages/notfound/notfound.spec.ts" name="GvNotfound &gt; should have 3 default suggestions" time="0.070433517">
        </testcase>
        <testcase classname="projects/sakai-ui/src/lib/pages/notfound/notfound.spec.ts" name="GvNotfound &gt; should reflect custom errorCode input" time="0.067325395">
        </testcase>
        <testcase classname="projects/sakai-ui/src/lib/pages/notfound/notfound.spec.ts" name="GvNotfound &gt; should reflect custom suggestions input" time="0.067557197">
        </testcase>
    </testsuite>
    <testsuite name="projects/sakai-ui/src/lib/layout/components/app-layout/app-layout.spec.ts" timestamp="2026-03-24T05:04:21.828Z" hostname="ubuntu" tests="1" failures="1" errors="0" skipped="0" time="0">
        <testcase classname="projects/sakai-ui/src/lib/layout/components/app-layout/app-layout.spec.ts" name="projects/sakai-ui/src/lib/layout/components/app-layout/app-layout.spec.ts" time="0">
            <failure message="Cannot read properties of undefined (reading &apos;trim&apos;)" type="TypeError">
TypeError: Cannot read properties of undefined (reading &apos;trim&apos;)
 ❯ angular:vitest-mock-patch:angular:vitest-mock-patch:20:16
 ❯ Object.mock angular:vitest-mock-patch:angular:vitest-mock-patch:20:16
 ❯ projects/sakai-ui/src/lib/layout/components/app-layout/app-layout.spec.ts:1:4
            </failure>
        </testcase>
    </testsuite>
    <testsuite name="projects/sakai-ui/src/lib/layout/components/configurator/configurator.spec.ts" timestamp="2026-03-24T05:04:21.830Z" hostname="ubuntu" tests="10" failures="0" errors="0" skipped="0" time="1.458640524">
        <testcase classname="projects/sakai-ui/src/lib/layout/components/configurator/configurator.spec.ts" name="GvConfigurator &gt; should create" time="0.458371877">
        </testcase>
        <testcase classname="projects/sakai-ui/src/lib/layout/components/configurator/configurator.spec.ts" name="GvConfigurator &gt; onMenuModeChange(&quot;overlay&quot;) should call store.setMenuMode(&quot;overlay&quot;)" time="0.157779999">
        </testcase>
        <testcase classname="projects/sakai-ui/src/lib/layout/components/configurator/configurator.spec.ts" name="GvConfigurator &gt; onMenuModeChange(&quot;static&quot;) should call store.setMenuMode(&quot;static&quot;)" time="0.122073939">
        </testcase>
        <testcase classname="projects/sakai-ui/src/lib/layout/components/configurator/configurator.spec.ts" name="GvConfigurator &gt; onPresetChange(&quot;Lara&quot;) should call store.setPreset(&quot;Lara&quot;)" time="0.10511522">
        </testcase>
        <testcase classname="projects/sakai-ui/src/lib/layout/components/configurator/configurator.spec.ts" name="GvConfigurator &gt; onPresetChange(&quot;Nora&quot;) should call store.setPreset(&quot;Nora&quot;)" time="0.099893861">
        </testcase>
        <testcase classname="projects/sakai-ui/src/lib/layout/components/configurator/configurator.spec.ts" name="GvConfigurator &gt; updateColors(event, &quot;primary&quot;, { name: &quot;blue&quot; }) should call store.setPrimary(&quot;blue&quot;)" time="0.141676204">
        </testcase>
        <testcase classname="projects/sakai-ui/src/lib/layout/components/configurator/configurator.spec.ts" name="GvConfigurator &gt; updateColors(event, &quot;surface&quot;, { name: &quot;slate&quot; }) should call store.setSurface(&quot;slate&quot;)" time="0.120066093">
        </testcase>
        <testcase classname="projects/sakai-ui/src/lib/layout/components/configurator/configurator.spec.ts" name="GvConfigurator &gt; should expose presetOptions with Aura, Lara, Nora" time="0.096900209">
        </testcase>
        <testcase classname="projects/sakai-ui/src/lib/layout/components/configurator/configurator.spec.ts" name="GvConfigurator &gt; selectedPreset should reflect store.preset()" time="0.075908118">
        </testcase>
        <testcase classname="projects/sakai-ui/src/lib/layout/components/configurator/configurator.spec.ts" name="GvConfigurator &gt; menuMode should reflect store.menuMode()" time="0.077645615">
        </testcase>
    </testsuite>
    <testsuite name="projects/sakai-ui/src/lib/layout/components/floating-configurator/floating-configurator.spec.ts" timestamp="2026-03-24T05:04:21.831Z" hostname="ubuntu" tests="6" failures="0" errors="0" skipped="0" time="1.018353908">
        <testcase classname="projects/sakai-ui/src/lib/layout/components/floating-configurator/floating-configurator.spec.ts" name="GvFloatingConfigurator &gt; should create" time="0.45385159">
        </testcase>
        <testcase classname="projects/sakai-ui/src/lib/layout/components/floating-configurator/floating-configurator.spec.ts" name="GvFloatingConfigurator &gt; should have default float input as true" time="0.142696088">
        </testcase>
        <testcase classname="projects/sakai-ui/src/lib/layout/components/floating-configurator/floating-configurator.spec.ts" name="GvFloatingConfigurator &gt; should reflect float input when set to false" time="0.120734957">
        </testcase>
        <testcase classname="projects/sakai-ui/src/lib/layout/components/floating-configurator/floating-configurator.spec.ts" name="GvFloatingConfigurator &gt; isDarkTheme() should reflect store.darkTheme()" time="0.103989251">
        </testcase>
        <testcase classname="projects/sakai-ui/src/lib/layout/components/floating-configurator/floating-configurator.spec.ts" name="GvFloatingConfigurator &gt; toggleDarkMode() should toggle store.darkTheme()" time="0.092060458">
        </testcase>
        <testcase classname="projects/sakai-ui/src/lib/layout/components/floating-configurator/floating-configurator.spec.ts" name="GvFloatingConfigurator &gt; should have store injected" time="0.101750506">
        </testcase>
    </testsuite>
    <testsuite name="projects/sakai-ui/src/lib/layout/components/footer/footer.spec.ts" timestamp="2026-03-24T05:04:21.832Z" hostname="ubuntu" tests="7" failures="0" errors="0" skipped="0" time="0.277602266">
        <testcase classname="projects/sakai-ui/src/lib/layout/components/footer/footer.spec.ts" name="GvFooter &gt; should create" time="0.129375292">
        </testcase>
        <testcase classname="projects/sakai-ui/src/lib/layout/components/footer/footer.spec.ts" name="GvFooter &gt; should have default brandName &quot;SAKAI&quot;" time="0.021824521">
        </testcase>
        <testcase classname="projects/sakai-ui/src/lib/layout/components/footer/footer.spec.ts" name="GvFooter &gt; should reflect custom brandName input" time="0.022293362">
        </testcase>
        <testcase classname="projects/sakai-ui/src/lib/layout/components/footer/footer.spec.ts" name="GvFooter &gt; should have default brandUrl" time="0.022747186">
        </testcase>
        <testcase classname="projects/sakai-ui/src/lib/layout/components/footer/footer.spec.ts" name="GvFooter &gt; should reflect custom brandUrl input" time="0.02671365">
        </testcase>
        <testcase classname="projects/sakai-ui/src/lib/layout/components/footer/footer.spec.ts" name="GvFooter &gt; should have default columns as empty array" time="0.023041635">
        </testcase>
        <testcase classname="projects/sakai-ui/src/lib/layout/components/footer/footer.spec.ts" name="GvFooter &gt; should reflect custom columns input" time="0.028428518">
        </testcase>
    </testsuite>
    <testsuite name="projects/sakai-ui/src/lib/layout/components/menu/menu.spec.ts" timestamp="2026-03-24T05:04:21.833Z" hostname="ubuntu" tests="3" failures="0" errors="0" skipped="0" time="0.111297518">
        <testcase classname="projects/sakai-ui/src/lib/layout/components/menu/menu.spec.ts" name="GvMenu &gt; should create" time="0.022084399">
        </testcase>
        <testcase classname="projects/sakai-ui/src/lib/layout/components/menu/menu.spec.ts" name="GvMenu &gt; should have default model as empty array" time="0.020986713">
        </testcase>
        <testcase classname="projects/sakai-ui/src/lib/layout/components/menu/menu.spec.ts" name="GvMenu &gt; should reflect custom model input" time="0.067639744">
        </testcase>
    </testsuite>
    <testsuite name="projects/sakai-ui/src/lib/layout/components/menu-item/menu-item.spec.ts" timestamp="2026-03-24T05:04:21.834Z" hostname="ubuntu" tests="9" failures="0" errors="0" skipped="0" time="0.510529335">
        <testcase classname="projects/sakai-ui/src/lib/layout/components/menu-item/menu-item.spec.ts" name="GvMenuItem &gt; should create" time="0.171649944">
        </testcase>
        <testcase classname="projects/sakai-ui/src/lib/layout/components/menu-item/menu-item.spec.ts" name="GvMenuItem &gt; isActive() should be false when item has no path" time="0.047584567">
        </testcase>
        <testcase classname="projects/sakai-ui/src/lib/layout/components/menu-item/menu-item.spec.ts" name="GvMenuItem &gt; isActive() should be false when store has no activePath" time="0.061014586">
        </testcase>
        <testcase classname="projects/sakai-ui/src/lib/layout/components/menu-item/menu-item.spec.ts" name="GvMenuItem &gt; isActive() should be true when activePath matches item path" time="0.053517046">
        </testcase>
        <testcase classname="projects/sakai-ui/src/lib/layout/components/menu-item/menu-item.spec.ts" name="GvMenuItem &gt; isVisible() should be true when item has no visible property" time="0.069842241">
        </testcase>
        <testcase classname="projects/sakai-ui/src/lib/layout/components/menu-item/menu-item.spec.ts" name="GvMenuItem &gt; isVisible() should be false when item visible is false" time="0.022680979">
        </testcase>
        <testcase classname="projects/sakai-ui/src/lib/layout/components/menu-item/menu-item.spec.ts" name="GvMenuItem &gt; isVisible() should be true when item visible is true" time="0.026439526">
        </testcase>
        <testcase classname="projects/sakai-ui/src/lib/layout/components/menu-item/menu-item.spec.ts" name="GvMenuItem &gt; hasChildren() should be false when item has no items" time="0.031388368">
        </testcase>
        <testcase classname="projects/sakai-ui/src/lib/layout/components/menu-item/menu-item.spec.ts" name="GvMenuItem &gt; hasChildren() should be true when item has child items" time="0.02568762">
        </testcase>
    </testsuite>
    <testsuite name="projects/sakai-ui/src/lib/layout/components/sidebar/sidebar.spec.ts" timestamp="2026-03-24T05:04:21.836Z" hostname="ubuntu" tests="5" failures="0" errors="0" skipped="0" time="0.625792681">
        <testcase classname="projects/sakai-ui/src/lib/layout/components/sidebar/sidebar.spec.ts" name="GvSidebar &gt; with empty token menu &gt; should create" time="0.180080619">
        </testcase>
        <testcase classname="projects/sakai-ui/src/lib/layout/components/sidebar/sidebar.spec.ts" name="GvSidebar &gt; with empty token menu &gt; effectiveMenu() should return empty array when no input menu and empty token" time="0.018978723">
        </testcase>
        <testcase classname="projects/sakai-ui/src/lib/layout/components/sidebar/sidebar.spec.ts" name="GvSidebar &gt; with empty token menu &gt; effectiveMenu() should return input menu when menu input is set" time="0.244921852">
        </testcase>
        <testcase classname="projects/sakai-ui/src/lib/layout/components/sidebar/sidebar.spec.ts" name="GvSidebar &gt; with token menu &gt; effectiveMenu() should return token menu when input is empty but token has items" time="0.095524135">
        </testcase>
        <testcase classname="projects/sakai-ui/src/lib/layout/components/sidebar/sidebar.spec.ts" name="GvSidebar &gt; with token menu &gt; effectiveMenu() should prefer input menu over token menu" time="0.082249163">
        </testcase>
    </testsuite>
    <testsuite name="projects/sakai-ui/src/lib/layout/components/topbar/topbar.spec.ts" timestamp="2026-03-24T05:04:21.836Z" hostname="ubuntu" tests="6" failures="0" errors="0" skipped="0" time="1.246260313">
        <testcase classname="projects/sakai-ui/src/lib/layout/components/topbar/topbar.spec.ts" name="GvTopbar &gt; should create" time="0.533747318">
        </testcase>
        <testcase classname="projects/sakai-ui/src/lib/layout/components/topbar/topbar.spec.ts" name="GvTopbar &gt; should have default appTitle &quot;SAKAI&quot;" time="0.165551733">
        </testcase>
        <testcase classname="projects/sakai-ui/src/lib/layout/components/topbar/topbar.spec.ts" name="GvTopbar &gt; should reflect custom appTitle input" time="0.12680907">
        </testcase>
        <testcase classname="projects/sakai-ui/src/lib/layout/components/topbar/topbar.spec.ts" name="GvTopbar &gt; should have 3 default topbarActions" time="0.137120145">
        </testcase>
        <testcase classname="projects/sakai-ui/src/lib/layout/components/topbar/topbar.spec.ts" name="GvTopbar &gt; should reflect custom topbarActions input" time="0.144608117">
        </testcase>
        <testcase classname="projects/sakai-ui/src/lib/layout/components/topbar/topbar.spec.ts" name="GvTopbar &gt; should have store injected" time="0.135195335">
        </testcase>
    </testsuite>
    <testsuite name="projects/sakai-ui/src/lib/pages/auth/access/access.spec.ts" timestamp="2026-03-24T05:04:21.837Z" hostname="ubuntu" tests="6" failures="0" errors="0" skipped="0" time="1.127910439">
        <testcase classname="projects/sakai-ui/src/lib/pages/auth/access/access.spec.ts" name="GvAccess &gt; should create" time="0.529459741">
        </testcase>
        <testcase classname="projects/sakai-ui/src/lib/pages/auth/access/access.spec.ts" name="GvAccess &gt; should have default title &quot;Access Denied&quot;" time="0.141206805">
        </testcase>
        <testcase classname="projects/sakai-ui/src/lib/pages/auth/access/access.spec.ts" name="GvAccess &gt; should have default message" time="0.119390244">
        </testcase>
        <testcase classname="projects/sakai-ui/src/lib/pages/auth/access/access.spec.ts" name="GvAccess &gt; should have default buttonLabel &quot;Go to Dashboard&quot;" time="0.131272802">
        </testcase>
        <testcase classname="projects/sakai-ui/src/lib/pages/auth/access/access.spec.ts" name="GvAccess &gt; should have default buttonRoute &quot;/&quot;" time="0.098357714">
        </testcase>
        <testcase classname="projects/sakai-ui/src/lib/pages/auth/access/access.spec.ts" name="GvAccess &gt; should reflect custom title input" time="0.104959199">
        </testcase>
    </testsuite>
    <testsuite name="projects/sakai-ui/src/lib/pages/auth/error/error.spec.ts" timestamp="2026-03-24T05:04:21.838Z" hostname="ubuntu" tests="6" failures="0" errors="0" skipped="0" time="1.17083433">
        <testcase classname="projects/sakai-ui/src/lib/pages/auth/error/error.spec.ts" name="GvError &gt; should create" time="0.560088731">
        </testcase>
        <testcase classname="projects/sakai-ui/src/lib/pages/auth/error/error.spec.ts" name="GvError &gt; should have default title &quot;Error Occured&quot;" time="0.166680364">
        </testcase>
        <testcase classname="projects/sakai-ui/src/lib/pages/auth/error/error.spec.ts" name="GvError &gt; should have default message" time="0.114447827">
        </testcase>
        <testcase classname="projects/sakai-ui/src/lib/pages/auth/error/error.spec.ts" name="GvError &gt; should have default buttonLabel &quot;Go to Dashboard&quot;" time="0.116577269">
        </testcase>
        <testcase classname="projects/sakai-ui/src/lib/pages/auth/error/error.spec.ts" name="GvError &gt; should have default buttonRoute &quot;/&quot;" time="0.113513847">
        </testcase>
        <testcase classname="projects/sakai-ui/src/lib/pages/auth/error/error.spec.ts" name="GvError &gt; should reflect custom title input" time="0.096526773">
        </testcase>
    </testsuite>
    <testsuite name="projects/sakai-ui/src/lib/pages/auth/login/login.spec.ts" timestamp="2026-03-24T05:04:21.839Z" hostname="ubuntu" tests="9" failures="0" errors="0" skipped="0" time="1.378692442">
        <testcase classname="projects/sakai-ui/src/lib/pages/auth/login/login.spec.ts" name="GvLogin &gt; should create" time="0.551812052">
        </testcase>
        <testcase classname="projects/sakai-ui/src/lib/pages/auth/login/login.spec.ts" name="GvLogin &gt; should have default title &quot;Welcome!&quot;" time="0.163817314">
        </testcase>
        <testcase classname="projects/sakai-ui/src/lib/pages/auth/login/login.spec.ts" name="GvLogin &gt; should have default subtitle &quot;Sign in to continue&quot;" time="0.152232208">
        </testcase>
        <testcase classname="projects/sakai-ui/src/lib/pages/auth/login/login.spec.ts" name="GvLogin &gt; should have default submitLabel &quot;Sign In&quot;" time="0.108194503">
        </testcase>
        <testcase classname="projects/sakai-ui/src/lib/pages/auth/login/login.spec.ts" name="GvLogin &gt; should have default forgotPasswordLabel &quot;Forgot password?&quot;" time="0.084187387">
        </testcase>
        <testcase classname="projects/sakai-ui/src/lib/pages/auth/login/login.spec.ts" name="GvLogin &gt; should reflect custom title input" time="0.086431509">
        </testcase>
        <testcase classname="projects/sakai-ui/src/lib/pages/auth/login/login.spec.ts" name="GvLogin &gt; onSubmit() should emit login output with email, password, rememberMe" time="0.080231959">
        </testcase>
        <testcase classname="projects/sakai-ui/src/lib/pages/auth/login/login.spec.ts" name="GvLogin &gt; onSubmit() should use checked=false when not set" time="0.075685189">
        </testcase>
        <testcase classname="projects/sakai-ui/src/lib/pages/auth/login/login.spec.ts" name="GvLogin &gt; onForgotPassword() should emit forgotPassword output" time="0.072973693">
        </testcase>
    </testsuite>
    <testsuite name="projects/sakai-ui/src/lib/pages/landing/components/features-widget/features-widget.spec.ts" timestamp="2026-03-24T05:04:21.841Z" hostname="ubuntu" tests="8" failures="0" errors="0" skipped="0" time="1.186113609">
        <testcase classname="projects/sakai-ui/src/lib/pages/landing/components/features-widget/features-widget.spec.ts" name="GvFeaturesWidget &gt; should create" time="0.6999415">
        </testcase>
        <testcase classname="projects/sakai-ui/src/lib/pages/landing/components/features-widget/features-widget.spec.ts" name="GvFeaturesWidget &gt; should have default sectionTitle &quot;Marvelous Features&quot;" time="0.047830616">
        </testcase>
        <testcase classname="projects/sakai-ui/src/lib/pages/landing/components/features-widget/features-widget.spec.ts" name="GvFeaturesWidget &gt; should have 9 default features" time="0.056431917">
        </testcase>
        <testcase classname="projects/sakai-ui/src/lib/pages/landing/components/features-widget/features-widget.spec.ts" name="GvFeaturesWidget &gt; should have a default testimonial" time="0.039688447">
        </testcase>
        <testcase classname="projects/sakai-ui/src/lib/pages/landing/components/features-widget/features-widget.spec.ts" name="GvFeaturesWidget &gt; should reflect custom sectionTitle input" time="0.094646028">
        </testcase>
        <testcase classname="projects/sakai-ui/src/lib/pages/landing/components/features-widget/features-widget.spec.ts" name="GvFeaturesWidget &gt; should reflect custom features input" time="0.125099019">
        </testcase>
        <testcase classname="projects/sakai-ui/src/lib/pages/landing/components/features-widget/features-widget.spec.ts" name="GvFeaturesWidget &gt; should reflect custom testimonial input" time="0.077404174">
        </testcase>
        <testcase classname="projects/sakai-ui/src/lib/pages/landing/components/features-widget/features-widget.spec.ts" name="GvFeaturesWidget &gt; should accept null testimonial" time="0.041492223">
        </testcase>
    </testsuite>
    <testsuite name="projects/sakai-ui/src/lib/pages/landing/components/footer-widget/footer-widget.spec.ts" timestamp="2026-03-24T05:04:21.843Z" hostname="ubuntu" tests="6" failures="0" errors="0" skipped="0" time="0.318403143">
        <testcase classname="projects/sakai-ui/src/lib/pages/landing/components/footer-widget/footer-widget.spec.ts" name="GvFooterWidget &gt; should create" time="0.124126767">
        </testcase>
        <testcase classname="projects/sakai-ui/src/lib/pages/landing/components/footer-widget/footer-widget.spec.ts" name="GvFooterWidget &gt; should have 4 default columns" time="0.035336882">
        </testcase>
        <testcase classname="projects/sakai-ui/src/lib/pages/landing/components/footer-widget/footer-widget.spec.ts" name="GvFooterWidget &gt; should have default homeRoute &quot;/landing&quot;" time="0.050408925">
        </testcase>
        <testcase classname="projects/sakai-ui/src/lib/pages/landing/components/footer-widget/footer-widget.spec.ts" name="GvFooterWidget &gt; should have default brandName &quot;SAKAI&quot;" time="0.024700562">
        </testcase>
        <testcase classname="projects/sakai-ui/src/lib/pages/landing/components/footer-widget/footer-widget.spec.ts" name="GvFooterWidget &gt; should reflect custom columns input" time="0.034701611">
        </testcase>
        <testcase classname="projects/sakai-ui/src/lib/pages/landing/components/footer-widget/footer-widget.spec.ts" name="GvFooterWidget &gt; should reflect custom brandName input" time="0.048689098">
        </testcase>
    </testsuite>
    <testsuite name="projects/sakai-ui/src/lib/pages/landing/components/hero-widget/hero-widget.spec.ts" timestamp="2026-03-24T05:04:21.843Z" hostname="ubuntu" tests="7" failures="0" errors="0" skipped="0" time="0.595864904">
        <testcase classname="projects/sakai-ui/src/lib/pages/landing/components/hero-widget/hero-widget.spec.ts" name="GvHeroWidget &gt; should create" time="0.421401422">
        </testcase>
        <testcase classname="projects/sakai-ui/src/lib/pages/landing/components/hero-widget/hero-widget.spec.ts" name="GvHeroWidget &gt; should have default headlineLight" time="0.025880103">
        </testcase>
        <testcase classname="projects/sakai-ui/src/lib/pages/landing/components/hero-widget/hero-widget.spec.ts" name="GvHeroWidget &gt; should have default headline &quot;eget magna fermentum&quot;" time="0.031048245">
        </testcase>
        <testcase classname="projects/sakai-ui/src/lib/pages/landing/components/hero-widget/hero-widget.spec.ts" name="GvHeroWidget &gt; should have default buttonLabel &quot;Get Started&quot;" time="0.027502641">
        </testcase>
        <testcase classname="projects/sakai-ui/src/lib/pages/landing/components/hero-widget/hero-widget.spec.ts" name="GvHeroWidget &gt; should have default imageAlt &quot;Hero Image&quot;" time="0.031573028">
        </testcase>
        <testcase classname="projects/sakai-ui/src/lib/pages/landing/components/hero-widget/hero-widget.spec.ts" name="GvHeroWidget &gt; should reflect custom headline input" time="0.031232485">
        </testcase>
        <testcase classname="projects/sakai-ui/src/lib/pages/landing/components/hero-widget/hero-widget.spec.ts" name="GvHeroWidget &gt; buttonClick output should emit when triggered" time="0.024194846">
        </testcase>
    </testsuite>
    <testsuite name="projects/sakai-ui/src/lib/pages/landing/components/highlights-widget/highlights-widget.spec.ts" timestamp="2026-03-24T05:04:21.844Z" hostname="ubuntu" tests="5" failures="0" errors="0" skipped="0" time="0.19804512">
        <testcase classname="projects/sakai-ui/src/lib/pages/landing/components/highlights-widget/highlights-widget.spec.ts" name="GvHighlightsWidget &gt; should create" time="0.058711169">
        </testcase>
        <testcase classname="projects/sakai-ui/src/lib/pages/landing/components/highlights-widget/highlights-widget.spec.ts" name="GvHighlightsWidget &gt; should have default sectionTitle &quot;Powerful Everywhere&quot;" time="0.035990312">
        </testcase>
        <testcase classname="projects/sakai-ui/src/lib/pages/landing/components/highlights-widget/highlights-widget.spec.ts" name="GvHighlightsWidget &gt; should have 2 default highlights" time="0.031854554">
        </testcase>
        <testcase classname="projects/sakai-ui/src/lib/pages/landing/components/highlights-widget/highlights-widget.spec.ts" name="GvHighlightsWidget &gt; should reflect custom sectionTitle input" time="0.039110445">
        </testcase>
        <testcase classname="projects/sakai-ui/src/lib/pages/landing/components/highlights-widget/highlights-widget.spec.ts" name="GvHighlightsWidget &gt; should reflect custom highlights input" time="0.026951877">
        </testcase>
    </testsuite>
    <testsuite name="projects/sakai-ui/src/lib/pages/landing/components/pricing-widget/pricing-widget.spec.ts" timestamp="2026-03-24T05:04:21.845Z" hostname="ubuntu" tests="7" failures="0" errors="0" skipped="0" time="0.852020846">
        <testcase classname="projects/sakai-ui/src/lib/pages/landing/components/pricing-widget/pricing-widget.spec.ts" name="GvPricingWidget &gt; should create" time="0.418147263">
        </testcase>
        <testcase classname="projects/sakai-ui/src/lib/pages/landing/components/pricing-widget/pricing-widget.spec.ts" name="GvPricingWidget &gt; should have default sectionTitle &quot;Matchless Pricing&quot;" time="0.072452747">
        </testcase>
        <testcase classname="projects/sakai-ui/src/lib/pages/landing/components/pricing-widget/pricing-widget.spec.ts" name="GvPricingWidget &gt; should have 3 default plans" time="0.077044844">
        </testcase>
        <testcase classname="projects/sakai-ui/src/lib/pages/landing/components/pricing-widget/pricing-widget.spec.ts" name="GvPricingWidget &gt; should have default plan titles: Free, Startup, Enterprise" time="0.066711284">
        </testcase>
        <testcase classname="projects/sakai-ui/src/lib/pages/landing/components/pricing-widget/pricing-widget.spec.ts" name="GvPricingWidget &gt; should reflect custom sectionTitle input" time="0.048157542">
        </testcase>
        <testcase classname="projects/sakai-ui/src/lib/pages/landing/components/pricing-widget/pricing-widget.spec.ts" name="GvPricingWidget &gt; should reflect custom plans input" time="0.08819701">
        </testcase>
        <testcase classname="projects/sakai-ui/src/lib/pages/landing/components/pricing-widget/pricing-widget.spec.ts" name="GvPricingWidget &gt; planSelect output should emit selected plan" time="0.072735254">
        </testcase>
    </testsuite>
    <testsuite name="projects/sakai-ui/src/lib/pages/landing/components/topbar-widget/topbar-widget.spec.ts" timestamp="2026-03-24T05:04:21.846Z" hostname="ubuntu" tests="6" failures="0" errors="0" skipped="0" time="1.179667432">
        <testcase classname="projects/sakai-ui/src/lib/pages/landing/components/topbar-widget/topbar-widget.spec.ts" name="GvTopbarWidget &gt; should create" time="0.492658925">
        </testcase>
        <testcase classname="projects/sakai-ui/src/lib/pages/landing/components/topbar-widget/topbar-widget.spec.ts" name="GvTopbarWidget &gt; should have 4 default navLinks" time="0.171059655">
        </testcase>
        <testcase classname="projects/sakai-ui/src/lib/pages/landing/components/topbar-widget/topbar-widget.spec.ts" name="GvTopbarWidget &gt; default navLinks should include Home, Features, Highlights, Pricing" time="0.162528194">
        </testcase>
        <testcase classname="projects/sakai-ui/src/lib/pages/landing/components/topbar-widget/topbar-widget.spec.ts" name="GvTopbarWidget &gt; should have default loginLabel &quot;Login&quot;" time="0.123688101">
        </testcase>
        <testcase classname="projects/sakai-ui/src/lib/pages/landing/components/topbar-widget/topbar-widget.spec.ts" name="GvTopbarWidget &gt; should have default registerLabel &quot;Register&quot;" time="0.106404761">
        </testcase>
        <testcase classname="projects/sakai-ui/src/lib/pages/landing/components/topbar-widget/topbar-widget.spec.ts" name="GvTopbarWidget &gt; should reflect custom navLinks input" time="0.118561586">
        </testcase>
    </testsuite>
</testsuites>
